><p>Hello this is testing &nbsp;</p>
#^ source.astro meta.scope.tag.p.astro meta.tag.start.astro punctuation.definition.tag.begin.astro
# ^ source.astro meta.scope.tag.p.astro meta.tag.start.astro entity.name.tag.astro
#  ^ source.astro meta.scope.tag.p.astro meta.tag.start.astro punctuation.definition.tag.end.astro
#   ^^^^^^^^^^^^^^^^^^^^^^ source.astro text.astro
#                         ^^^^^^ source.astro text.astro constant.entity.astro
#                               ^^ source.astro meta.scope.tag.p.astro meta.tag.end.astro punctuation.definition.tag.begin.astro
#                                 ^ source.astro meta.scope.tag.p.astro meta.tag.end.astro entity.name.tag.astro
#                                  ^ source.astro meta.scope.tag.p.astro meta.tag.end.astro punctuation.definition.tag.end.astro
>
><p>Testing &quot; quoted part &quot;</p>
#^ source.astro meta.scope.tag.p.astro meta.tag.start.astro punctuation.definition.tag.begin.astro
# ^ source.astro meta.scope.tag.p.astro meta.tag.start.astro entity.name.tag.astro
#  ^ source.astro meta.scope.tag.p.astro meta.tag.start.astro punctuation.definition.tag.end.astro
#   ^^^^^^^^ source.astro text.astro
#           ^^^^^^ source.astro text.astro constant.entity.astro
#                 ^^^^^^^^^^^^^ source.astro text.astro
#                              ^^^^^^ source.astro text.astro constant.entity.astro
#                                    ^^ source.astro meta.scope.tag.p.astro meta.tag.end.astro punctuation.definition.tag.begin.astro
#                                      ^ source.astro meta.scope.tag.p.astro meta.tag.end.astro entity.name.tag.astro
#                                       ^ source.astro meta.scope.tag.p.astro meta.tag.end.astro punctuation.definition.tag.end.astro
>